\BOOKMARK [0][-]{section*.1}{\376\377\000D\000A\000N\000H\000\040\000M\036\344\000C\000\040\000H\000\314\000N\000H\000\040\000V\036\274}{}% 1
\BOOKMARK [0][-]{section*.2}{\376\377\000D\000A\000N\000H\000\040\000M\036\344\000C\000\040\000B\036\242\000N\000G\000\040\000B\000I\036\302\000U}{}% 2
\BOOKMARK [0][-]{section*.3}{\376\377\000D\000A\000N\000H\000\040\000M\036\344\000C\000\040\000C\000\301\000C\000\040\000C\000H\036\356\000\040\000V\000I\036\276\000T\000\040\000T\036\256\000T}{}% 3
\BOOKMARK [0][-]{chapter.1}{\376\377\000T\036\324\000N\000G\000\040\000Q\000U\000A\000N\000\040\000V\036\300\000\040\001\020\036\300\000\040\000T\000\300\000I}{}% 4
\BOOKMARK [1][-]{section.1.1}{\376\377\000B\036\321\000i\000\040\000c\036\243\000n\000h\000\040\000n\000g\000h\000i\000\352\000n\000\040\000c\036\351\000u\000\040\000v\000\340\000\040\000t\000\355\000n\000h\000\040\000c\036\245\000p\000\040\000t\000h\000i\036\277\000t\000\040\000c\036\347\000a\000\040\001\021\036\301\000\040\000t\000\340\000i}{chapter.1}% 5
\BOOKMARK [2][-]{subsection.1.1.1}{\376\377\000T\000h\036\361\000c\000\040\000t\000r\036\241\000n\000g\000\040\000q\000u\036\243\000n\000\040\000l\000\375\000\040\000t\036\323\000n\000\040\000k\000h\000o\000\040\000t\000r\000o\000n\000g\000\040\000m\036\241\000n\000g\000\040\000l\001\260\036\333\000i\000\040\000b\000\341\000n\000\040\000l\036\273\000\040\001\021\000a\000\040\001\021\000i\036\303\000m}{section.1.1}% 6
\BOOKMARK [2][-]{subsection.1.1.2}{\376\377\000T\000h\000\341\000c\000h\000\040\000t\000h\036\351\000c\000\040\000t\000r\000o\000n\000g\000\040\000v\000i\036\307\000c\000\040\000t\036\321\000i\000\040\001\260\000u\000\040\000h\000\363\000a\000\040\000c\000h\000\355\000n\000h\000\040\000s\000\341\000c\000h\000\040\001\021\036\267\000t\000\040\000h\000\340\000n\000g\000\040\000l\036\241\000i}{section.1.1}% 7
\BOOKMARK [2][-]{subsection.1.1.3}{\376\377\000H\036\241\000n\000\040\000c\000h\036\277\000\040\000c\036\347\000a\000\040\000p\000h\001\260\001\241\000n\000g\000\040\000p\000h\000\341\000p\000\040\000t\000r\000u\000y\036\301\000n\000\040\000t\000h\036\321\000n\000g\000\040\000v\000\340\000\040\000s\036\361\000\040\000c\036\247\000n\000\040\000t\000h\000i\036\277\000t\000\040\000c\036\347\000a\000\040\000h\036\315\000c\000\040\000t\001\003\000n\000g\000\040\000c\001\260\036\335\000n\000g\000\040\001\021\000a\000\040\000t\000\341\000c\000\040\000t\036\355}{section.1.1}% 8
\BOOKMARK [1][-]{section.1.2}{\376\377\000M\036\345\000c\000\040\000t\000i\000\352\000u\000\040\000v\000\340\000\040\000c\000\342\000u\000\040\000h\036\317\000i\000\040\000n\000g\000h\000i\000\352\000n\000\040\000c\036\351\000u}{chapter.1}% 9
\BOOKMARK [2][-]{subsection.1.2.1}{\376\377\000M\036\345\000c\000\040\000t\000i\000\352\000u\000\040\000n\000g\000h\000i\000\352\000n\000\040\000c\036\351\000u}{section.1.2}% 10
\BOOKMARK [2][-]{subsection.1.2.2}{\376\377\000C\000\342\000u\000\040\000h\036\317\000i\000\040\000n\000g\000h\000i\000\352\000n\000\040\000c\036\351\000u}{section.1.2}% 11
\BOOKMARK [1][-]{section.1.3}{\376\377\001\020\036\321\000i\000\040\000t\001\260\036\343\000n\000g\000\040\000v\000\340\000\040\000p\000h\036\241\000m\000\040\000v\000i\000\040\000n\000g\000h\000i\000\352\000n\000\040\000c\036\351\000u}{chapter.1}% 12
\BOOKMARK [2][-]{subsection.1.3.1}{\376\377\001\020\036\321\000i\000\040\000t\001\260\036\343\000n\000g\000\040\000n\000g\000h\000i\000\352\000n\000\040\000c\036\351\000u}{section.1.3}% 13
\BOOKMARK [2][-]{subsection.1.3.2}{\376\377\000P\000h\036\241\000m\000\040\000v\000i\000\040\000t\000r\000o\000n\000g\000\040\001\021\036\301\000\040\000t\000\340\000i}{section.1.3}% 14
\BOOKMARK [2][-]{subsection.1.3.3}{\376\377\000G\000i\036\333\000i\000\040\000h\036\241\000n\000\040\000p\000h\036\241\000m\000\040\000v\000i}{section.1.3}% 15
\BOOKMARK [1][-]{section.1.4}{\376\377\000P\000h\001\260\001\241\000n\000g\000\040\000p\000h\000\341\000p\000\040\000n\000g\000h\000i\000\352\000n\000\040\000c\036\351\000u}{chapter.1}% 16
\BOOKMARK [1][-]{section.1.5}{\376\377\000\335\000\040\000n\000g\000h\001\051\000a\000\040\000k\000h\000o\000a\000\040\000h\036\315\000c\000\040\000v\000\340\000\040\000t\000h\036\361\000c\000\040\000t\000i\036\305\000n\000\040\000c\036\347\000a\000\040\001\021\036\301\000\040\000t\000\340\000i}{chapter.1}% 17
\BOOKMARK [1][-]{section.1.6}{\376\377\000B\036\321\000\040\000c\036\345\000c\000\040\000c\036\347\000a\000\040\000k\000h\000\363\000a\000\040\000l\000u\036\255\000n}{chapter.1}% 18
\BOOKMARK [0][-]{chapter.2}{\376\377\000C\001\240\000\040\000S\036\336\000\040\000L\000\335\000\040\000T\000H\000U\000Y\036\276\000T\000\040\000V\000\300\000\040\000C\000\301\000C\000\040\000C\000\324\000N\000G\000\040\000T\000R\000\314\000N\000H\000\040\000L\000I\000\312\000N\000\040\000Q\000U\000A\000N}{}% 19
\BOOKMARK [1][-]{section.2.1}{\376\377\000L\000\375\000\040\000t\000h\000u\000y\036\277\000t\000\040\000k\000i\036\303\000m\000\040\000s\000o\000\341\000t\000\040\000t\036\323\000n\000\040\000k\000h\000o\000\040\000n\000g\036\253\000u\000\040\000n\000h\000i\000\352\000n}{chapter.2}% 20
\BOOKMARK [2][-]{subsection.2.1.1}{\376\377\000M\000\364\000\040\000h\000\354\000n\000h\000\040\000t\036\323\000n\000\040\000k\000h\000o\000\040\000v\000\340\000\040\000c\000\341\000c\000\040\000t\000h\000\340\000n\000h\000\040\000p\000h\036\247\000n\000\040\000c\000h\000i\000\040\000p\000h\000\355}{section.2.1}% 21
\BOOKMARK [2][-]{subsection.2.1.2}{\376\377\000C\000\341\000c\000\040\000c\000h\000\355\000n\000h\000\040\000s\000\341\000c\000h\000\040\001\021\036\267\000t\000\040\000h\000\340\000n\000g\000\040\000l\036\241\000i\000\040\000c\036\325\000\040\001\021\000i\036\303\000n}{section.2.1}% 22
\BOOKMARK [2][-]{subsection.2.1.3}{\376\377\000C\000\341\000c\000\040\000t\000h\001\260\036\333\000c\000\040\001\021\000o\000\040\000m\036\351\000c\000\040\000p\000h\036\345\000c\000\040\000v\036\345\000\040\000t\000r\000o\000n\000g\000\040\000q\000u\036\243\000n\000\040\000l\000\375\000\040\000t\036\323\000n\000\040\000k\000h\000o}{section.2.1}% 23
\BOOKMARK [1][-]{section.2.2}{\376\377\000N\036\301\000n\000\040\000t\036\243\000n\000g\000\040\000h\036\315\000c\000\040\000t\001\003\000n\000g\000\040\000c\001\260\036\335\000n\000g}{chapter.2}% 24
\BOOKMARK [2][-]{subsection.2.2.1}{\376\377\000Q\000u\000\341\000\040\000t\000r\000\354\000n\000h\000\040\000q\000u\000y\036\277\000t\000\040\001\021\036\313\000n\000h\000\040\000M\000a\000r\000k\000o\000v\000\040\000\050\000M\000D\000P\000\051}{section.2.2}% 25
\BOOKMARK [2][-]{subsection.2.2.2}{\376\377\000H\000\340\000m\000\040\000g\000i\000\341\000\040\000t\000r\036\313\000\040\000v\000\340\000\040\000p\000h\001\260\001\241\000n\000g\000\040\000t\000r\000\354\000n\000h\000\040\000B\000e\000l\000l\000m\000a\000n}{section.2.2}% 26
\BOOKMARK [2][-]{subsection.2.2.3}{\376\377\001\257\036\333\000c\000\040\000l\001\260\036\343\000n\000g\000\040\000l\036\343\000i\000\040\000t\000h\036\277\000\040\000t\036\325\000n\000g\000\040\000q\000u\000\341\000t\000\040\000\050\000G\000A\000E\000\051}{section.2.2}% 27
\BOOKMARK [2][-]{subsection.2.2.4}{\376\377\000T\000h\000u\036\255\000t\000\040\000t\000o\000\341\000n\000\040\000P\000P\000O\000\040\000\050\000P\000r\000o\000x\000i\000m\000a\000l\000\040\000P\000o\000l\000i\000c\000y\000\040\000O\000p\000t\000i\000m\000i\000z\000a\000t\000i\000o\000n\000\051}{section.2.2}% 28
\BOOKMARK [1][-]{section.2.3}{\376\377\000H\036\315\000c\000\040\000t\001\003\000n\000g\000\040\000c\001\260\036\335\000n\000g\000\040\001\021\000a\000\040\000t\000\341\000c\000\040\000t\036\355}{chapter.2}% 29
\BOOKMARK [2][-]{subsection.2.3.1}{\376\377\000M\000\364\000\040\000h\000\354\000n\000h\000\040\000D\000e\000c\000-\000P\000O\000M\000D\000P}{section.2.3}% 30
\BOOKMARK [2][-]{subsection.2.3.2}{\376\377\000H\036\315\000c\000\040\001\021\036\331\000c\000\040\000l\036\255\000p\000\040\000\050\000I\000n\000d\000e\000p\000e\000n\000d\000e\000n\000t\000\040\000L\000e\000a\000r\000n\000i\000n\000g\000\051}{section.2.3}% 31
\BOOKMARK [2][-]{subsection.2.3.3}{\376\377\000I\000P\000P\000O\000\040\040\024\000\040\000I\000n\000d\000e\000p\000e\000n\000d\000e\000n\000t\000\040\000M\000u\000l\000t\000i\000-\000A\000g\000e\000n\000t\000\040\000P\000P\000O}{section.2.3}% 32
\BOOKMARK [2][-]{subsection.2.3.4}{\376\377\000C\000h\000i\000a\000\040\000s\036\273\000\040\000t\000h\000a\000m\000\040\000s\036\321\000\040\000\050\000P\000a\000r\000a\000m\000e\000t\000e\000r\000\040\000S\000h\000a\000r\000i\000n\000g\000\051}{section.2.3}% 33
\BOOKMARK [2][-]{subsection.2.3.5}{\376\377\000P\000h\036\247\000n\000\040\000t\000h\001\260\036\337\000n\000g\000\040\000p\000h\000\342\000n\000\040\000r\000\343\000\040\000c\036\345\000c\000\040\000b\036\331\000\040\000v\000\340\000\040\000b\000\340\000i\000\040\000t\000o\000\341\000n\000\040\000g\000\341\000n\000\040\000t\000\355\000n\000\040\000d\036\345\000n\000g}{section.2.3}% 34
\BOOKMARK [1][-]{section.2.4}{\376\377\000C\000\341\000c\000\040\000c\000\364\000n\000g\000\040\000t\000r\000\354\000n\000h\000\040\000n\000g\000h\000i\000\352\000n\000\040\000c\036\351\000u\000\040\000l\000i\000\352\000n\000\040\000q\000u\000a\000n}{chapter.2}% 35
\BOOKMARK [2][-]{subsection.2.4.1}{\376\377\000H\036\315\000c\000\040\000t\001\003\000n\000g\000\040\000c\001\260\036\335\000n\000g\000\040\000t\000r\000o\000n\000g\000\040\000q\000u\036\243\000n\000\040\000l\000\375\000\040\000t\036\323\000n\000\040\000k\000h\000o}{section.2.4}% 36
\BOOKMARK [2][-]{subsection.2.4.2}{\376\377\000H\000a\000i\000\040\000c\000\364\000n\000g\000\040\000t\000r\000\354\000n\000h\000\040\000g\036\247\000n\000\040\000n\000h\036\245\000t\000\040\000c\000\371\000n\000g\000\040\000b\036\321\000i\000\040\000c\036\243\000n\000h}{section.2.4}% 37
\BOOKMARK [2][-]{subsection.2.4.3}{\376\377\000K\000h\000o\036\243\000n\000g\000\040\000t\000r\036\321\000n\000g\000\040\000n\000g\000h\000i\000\352\000n\000\040\000c\036\351\000u\000\040\000v\000\340\000\040\001\021\036\313\000n\000h\000\040\000v\036\313\000\040\001\021\000\363\000n\000g\000\040\000g\000\363\000p}{section.2.4}% 38
\BOOKMARK [0][-]{chapter.3}{\376\377\000P\000H\000\302\000N\000\040\000T\000\315\000C\000H\000\040\000V\000\300\000\040\000T\000H\000I\036\276\000T\000\040\000K\036\276\000\040\000M\000\324\000\040\000H\000\314\000N\000H}{}% 39
\BOOKMARK [1][-]{section.3.1}{\376\377\000M\000\364\000\040\000h\000\354\000n\000h\000\040\000h\000\363\000a\000\040\000b\000\340\000i\000\040\000t\000o\000\341\000n\000\040\000t\036\323\000n\000\040\000k\000h\000o\000\040\001\021\000a\000\040\000k\000h\000o}{chapter.3}% 40
\BOOKMARK [2][-]{subsection.3.1.1}{\376\377\000Q\000u\000y\000\040\000t\000r\000\354\000n\000h\000\040\000n\000g\000h\000i\036\307\000p\000\040\000v\036\345\000\040\000v\000\340\000\040\000m\000\364\000\040\000h\000\354\000n\000h\000\040\000k\000h\000\341\000i\000\040\000n\000i\036\307\000m}{section.3.1}% 41
\BOOKMARK [2][-]{subsection.3.1.2}{\376\377\000M\000\364\000\040\000t\036\243\000\040\000m\036\241\000n\000g\000\040\000l\001\260\036\333\000i}{section.3.1}% 42
\BOOKMARK [2][-]{subsection.3.1.3}{\376\377\000T\000h\000i\036\277\000t\000\040\000l\036\255\000p\000\040\000b\000\340\000i\000\040\000t\000o\000\341\000n\000\040\000d\001\260\036\333\000i\000\040\000d\036\241\000n\000g\000\040\000M\000D\000P\000\040\001\021\000a\000\040\000t\000\341\000c\000\040\000t\036\355}{section.3.1}% 43
\BOOKMARK [2][-]{subsection.3.1.4}{\376\377\000R\000\340\000n\000g\000\040\000b\000u\036\331\000c\000\040\000s\036\351\000c\000\040\000c\000h\036\351\000a\000\040\000k\000h\000o\000\040\000v\000\340\000\040\000c\001\241\000\040\000c\000h\036\277\000\040\000t\036\353\000\040\000c\000h\036\321\000i\000\040\000n\000h\036\255\000p\000\040\000h\000\340\000n\000g}{section.3.1}% 44
\BOOKMARK [2][-]{subsection.3.1.5}{\376\377\000C\001\241\000\040\000c\000h\036\277\000\040\000p\000h\036\321\000i\000\040\000h\036\343\000p\000\040\000g\000i\036\357\000a\000\040\000c\000\341\000c\000\040\000t\000\341\000c\000\040\000t\036\355}{section.3.1}% 45
\BOOKMARK [1][-]{section.3.2}{\376\377\000T\000h\000i\036\277\000t\000\040\000k\036\277\000\040\000h\000\340\000m\000\040\000p\000h\036\247\000n\000\040\000t\000h\001\260\036\337\000n\000g}{chapter.3}% 46
\BOOKMARK [2][-]{subsection.3.2.1}{\376\377\000P\000h\036\247\000n\000\040\000t\000h\001\260\036\337\000n\000g\000\040\000p\000h\000\342\000n\000\040\000r\000\343\000\040\000c\036\345\000c\000\040\000b\036\331}{section.3.2}% 47
\BOOKMARK [2][-]{subsection.3.2.2}{\376\377\000V\000a\000i\000\040\000t\000r\000\362\000\040\000c\036\347\000a\000\040\000t\000h\000\340\000n\000h\000\040\000p\000h\036\247\000n\000\040\000p\000h\036\241\000t\000\040\000f\000i\000l\000l\000\040\000r\000a\000t\000e}{section.3.2}% 48
\BOOKMARK [2][-]{subsection.3.2.3}{\376\377\000C\000\341\000c\000\040\000t\000h\000a\000m\000\040\000s\036\321\000\040\000c\000h\000i\000\040\000p\000h\000\355}{section.3.2}% 49
\BOOKMARK [2][-]{subsection.3.2.4}{\376\377\000C\000h\000u\036\251\000n\000\040\000h\000\363\000a\000\040\000p\000h\036\247\000n\000\040\000t\000h\001\260\036\337\000n\000g\000\040\000t\000h\000e\000o\000\040\000t\036\353\000n\000g\000\040\000c\036\267\000p}{section.3.2}% 50
\BOOKMARK [1][-]{section.3.3}{\376\377\000K\000i\036\277\000n\000\040\000t\000r\000\372\000c\000\040\000m\036\241\000n\000g\000\040\000A\000c\000t\000o\000r\040\023\000C\000r\000i\000t\000i\000c\000\040\000c\000h\000i\000a\000\040\000s\036\273\000\040\000t\000h\000a\000m\000\040\000s\036\321}{chapter.3}% 51
\BOOKMARK [2][-]{subsection.3.3.1}{\376\377\000M\036\241\000n\000g\000\040\000S\000h\000a\000r\000e\000d\000A\000c\000t\000o\000r\000C\000r\000i\000t\000i\000c}{section.3.3}% 52
\BOOKMARK [2][-]{subsection.3.3.2}{\376\377\000Q\000u\000y\000\040\000t\000r\000\354\000n\000h\000\040\000h\000u\036\245\000n\000\040\000l\000u\000y\036\307\000n\000\040\000I\000P\000P\000O}{section.3.3}% 53
\BOOKMARK [1][-]{section.3.4}{\376\377\000T\000h\000i\036\277\000t\000\040\000k\036\277\000\040\000m\000\364\000i\000\040\000t\000r\001\260\036\335\000n\000g\000\040\000m\000\364\000\040\000p\000h\036\317\000n\000g}{chapter.3}% 54
\BOOKMARK [0][-]{chapter.4}{\376\377\000T\000H\036\360\000C\000\040\000N\000G\000H\000I\036\306\000M\000\040\000V\000\300\000\040\001\020\000\301\000N\000H\000\040\000G\000I\000\301\000\040\000K\036\276\000T\000\040\000Q\000U\036\242}{}% 55
\BOOKMARK [1][-]{section.4.1}{\376\377\000C\036\245\000u\000\040\000h\000\354\000n\000h\000\040\000t\000h\036\361\000c\000\040\000n\000g\000h\000i\036\307\000m}{chapter.4}% 56
\BOOKMARK [2][-]{subsection.4.1.1}{\376\377\000M\000\364\000i\000\040\000t\000r\001\260\036\335\000n\000g\000\040\000p\000h\036\247\000n\000\040\000c\036\351\000n\000g\000\040\000v\000\340\000\040\000p\000h\036\247\000n\000\040\000m\036\301\000m}{section.4.1}% 57
\BOOKMARK [2][-]{subsection.4.1.2}{\376\377\000N\000g\000u\036\323\000n\000\040\000d\036\357\000\040\000l\000i\036\307\000u\000\040\000v\000\340\000\040\000t\000i\036\301\000n\000\040\000x\036\355\000\040\000l\000\375}{section.4.1}% 58
\BOOKMARK [2][-]{subsection.4.1.3}{\376\377\000T\000h\000i\036\277\000t\000\040\000l\036\255\000p\000\040\000k\036\313\000c\000h\000\040\000b\036\243\000n\000\040\000m\000\364\000\040\000p\000h\036\317\000n\000g}{section.4.1}% 59
\BOOKMARK [1][-]{section.4.2}{\376\377\000P\000h\001\260\001\241\000n\000g\000\040\000p\000h\000\341\000p\000\040\001\021\036\321\000i\000\040\000c\000h\036\351\000n\000g}{chapter.4}% 60
\BOOKMARK [1][-]{section.4.3}{\376\377\000G\000i\000a\000o\000\040\000t\000h\036\351\000c\000\040\001\021\000\341\000n\000h\000\040\000g\000i\000\341}{chapter.4}% 61
\BOOKMARK [2][-]{subsection.4.3.1}{\376\377\000Q\000u\000y\000\040\000t\000r\000\354\000n\000h\000\040\001\021\000\341\000n\000h\000\040\000g\000i\000\341}{section.4.3}% 62
\BOOKMARK [2][-]{subsection.4.3.2}{\376\377\000C\000\341\000c\000\040\000c\000h\036\311\000\040\000s\036\321\000\040\001\021\000\341\000n\000h\000\040\000g\000i\000\341}{section.4.3}% 63
\BOOKMARK [1][-]{section.4.4}{\376\377\000K\036\277\000t\000\040\000q\000u\036\243\000\040\000t\000h\036\361\000c\000\040\000n\000g\000h\000i\036\307\000m}{chapter.4}% 64
\BOOKMARK [2][-]{subsection.4.4.1}{\376\377\000Q\000u\000\341\000\040\000t\000r\000\354\000n\000h\000\040\000h\000u\036\245\000n\000\040\000l\000u\000y\036\307\000n\000\040\000v\000\340\000\040\000t\000\355\000n\000h\000\040\000h\036\331\000i\000\040\000t\036\345}{section.4.4}% 65
\BOOKMARK [2][-]{subsection.4.4.2}{\376\377\000S\000o\000\040\000s\000\341\000n\000h\000\040\000t\000r\036\361\000c\000\040\000t\000i\036\277\000p\000\040\000v\036\333\000i\000\040\000c\000\341\000c\000\040\000c\000h\000\355\000n\000h\000\040\000s\000\341\000c\000h\000\040\000c\036\325\000\040\001\021\000i\036\303\000n}{section.4.4}% 66
\BOOKMARK [2][-]{subsection.4.4.3}{\376\377\000P\000h\000\342\000n\000\040\000t\000\355\000c\000h\000\040\000c\001\241\000\040\000c\036\245\000u\000\040\000c\000h\000i\000\040\000p\000h\000\355}{section.4.4}% 67
\BOOKMARK [2][-]{subsection.4.4.4}{\376\377\000S\000o\000\040\000s\000\341\000n\000h\000\040\036\337\000\040\000c\000\371\000n\000g\000\040\000m\036\351\000c\000\040\000p\000h\036\345\000c\000\040\000v\036\345}{section.4.4}% 68
\BOOKMARK [1][-]{section.4.5}{\376\377\000P\000h\000\342\000n\000\040\000t\000\355\000c\000h\000\040\000c\000h\000u\000y\000\352\000n\000\040\000s\000\342\000u}{chapter.4}% 69
\BOOKMARK [2][-]{subsection.4.5.1}{\376\377\000H\000i\036\307\000u\000\040\000n\001\003\000n\000g\000\040\000t\000h\000e\000o\000\040\000n\000h\000\363\000m\000\040\000q\000u\000y\000\040\000m\000\364\000\040\000n\000h\000u\000\040\000c\036\247\000u\000\040\000\050\000C\000\342\000u\000\040\000h\036\317\000i\000\040\0002\000\051}{section.4.5}% 70
\BOOKMARK [2][-]{subsection.4.5.2}{\376\377\000T\000h\000i\036\277\000t\000\040\000k\036\277\000\040\000t\000\355\000n\000\040\000h\000i\036\307\000u\000\040\000p\000h\036\247\000n\000\040\000t\000h\001\260\036\337\000n\000g\000\040\000\050\000C\000\342\000u\000\040\000h\036\317\000i\000\040\0003\000\051}{section.4.5}% 71
\BOOKMARK [2][-]{subsection.4.5.3}{\376\377\000V\000a\000i\000\040\000t\000r\000\362\000\040\000c\036\347\000a\000\040\000v\000i\036\307\000c\000\040\000t\000\341\000c\000h\000\040\000A\000c\000t\000o\000r\000\040\000v\000\340\000\040\000C\000r\000i\000t\000i\000c}{section.4.5}% 72
\BOOKMARK [2][-]{subsection.4.5.4}{\376\377\000T\000h\036\361\000c\000\040\000n\000g\000h\000i\036\307\000m\000\040\000B\000:\000\040\000h\000i\036\307\000u\000\040\000n\001\003\000n\000g\000\040\000t\000h\000e\000o\000\040\000g\000i\000a\000i\000\040\001\021\000o\036\241\000n\000\040\000n\000h\000u\000\040\000c\036\247\000u}{section.4.5}% 73
\BOOKMARK [2][-]{subsection.4.5.5}{\376\377\000K\000i\036\303\000m\000\040\000t\000r\000a\000\040\000t\000r\036\241\000n\000g\000\040\000t\000h\000\341\000i\000\040\000v\000\340\000\040\000p\000h\036\247\000n\000\040\000t\000h\001\260\036\337\000n\000g\000\040\000b\036\261\000n\000g\000\040\000t\000h\036\361\000c\000\040\000n\000g\000h\000i\036\307\000m}{section.4.5}% 74
\BOOKMARK [2][-]{subsection.4.5.6}{\376\377\001\020\036\331\000\040\000n\000h\036\241\000y\000\040\000c\036\347\000a\000\040\000k\036\277\000t\000\040\000l\000u\036\255\000n\000\040\000t\000h\000e\000o\000\040\001\021\001\241\000n\000\040\000g\000i\000\341\000\040\000c\000h\000i\000\040\000p\000h\000\355}{section.4.5}% 75
\BOOKMARK [1][-]{section.4.6}{\376\377\000H\036\241\000n\000\040\000c\000h\036\277\000\040\000c\036\347\000a\000\040\000t\000h\036\361\000c\000\040\000n\000g\000h\000i\036\307\000m}{chapter.4}% 76
\BOOKMARK [1][-]{section.4.7}{\376\377\000T\000h\036\243\000o\000\040\000l\000u\036\255\000n}{chapter.4}% 77
\BOOKMARK [0][-]{chapter.5}{\376\377\000K\036\276\000T\000\040\000L\000U\036\254\000N\000\040\000V\000\300\000\040\000H\001\257\036\332\000N\000G\000\040\000P\000H\000\301\000T\000\040\000T\000R\000I\036\302\000N}{}% 78
\BOOKMARK [1][-]{section.5.1}{\376\377\000T\036\325\000n\000g\000\040\000k\036\277\000t\000\040\000c\000\341\000c\000\040\000k\036\277\000t\000\040\000q\000u\036\243\000\040\001\021\036\241\000t\000\040\001\021\001\260\036\343\000c}{chapter.5}% 79
\BOOKMARK [2][-]{subsection.5.1.1}{\376\377\000T\000r\036\243\000\040\000l\036\335\000i\000\040\000c\000\341\000c\000\040\000c\000\342\000u\000\040\000h\036\317\000i\000\040\000n\000g\000h\000i\000\352\000n\000\040\000c\036\351\000u}{section.5.1}% 80
\BOOKMARK [1][-]{section.5.2}{\376\377\000N\000h\036\357\000n\000g\000\040\000h\036\241\000n\000\040\000c\000h\036\277\000\040\000c\000\362\000n\000\040\000t\036\323\000n\000\040\000t\036\241\000i}{chapter.5}% 81
\BOOKMARK [1][-]{section.5.3}{\376\377\000H\001\260\036\333\000n\000g\000\040\000p\000h\000\341\000t\000\040\000t\000r\000i\036\303\000n\000\040\000t\000r\000o\000n\000g\000\040\000t\001\260\001\241\000n\000g\000\040\000l\000a\000i}{chapter.5}% 82
\BOOKMARK [2][-]{subsection.5.3.1}{\376\377\001\020\036\343\000t\000\040\000t\000h\036\361\000c\000\040\000n\000g\000h\000i\036\307\000m\000\040\000b\036\325\000\040\000s\000u\000n\000g\000\040\001\021\000\343\000\040\000c\000\340\000i\000\040\001\021\036\267\000t}{section.5.3}% 83
\BOOKMARK [2][-]{subsection.5.3.2}{\376\377\000C\000\341\000c\000\040\000h\001\260\036\333\000n\000g\000\040\000m\036\337\000\040\000r\036\331\000n\000g\000\040\000k\000h\000\341\000c}{section.5.3}% 84
\BOOKMARK [0][-]{chapter*.36}{\376\377\000P\000H\036\344\000\040\000L\036\344\000C\000\040\000A\000.\000\040\001\020\036\320\000I\000\040\000C\000H\000I\036\276\000U\000\040\000L\000U\036\254\000N\000\040\001\020\000I\036\302\000M\000\040\000V\000\300\000\040\000N\000G\000U\036\322\000N\000\040\000T\000R\000\315\000C\000H\000\040\000D\036\252\000N}{}% 85
\BOOKMARK [0][-]{chapter*.37}{\376\377\000P\000H\036\344\000\040\000L\036\344\000C\000\040\000B\000.\000\040\000P\000R\000O\000T\000O\000T\000Y\000P\000E\000\040\001\020\000I\036\300\000U\000\040\000P\000H\036\320\000I\000\040\000B\036\260\000N\000G\000\040\000M\000C\000P}{}% 86
\BOOKMARK [0][-]{section*.40}{\376\377\000T\000\300\000I\000\040\000L\000I\036\306\000U\000\040\000T\000H\000A\000M\000\040\000K\000H\036\242\000O}{}% 87
